bookStore\admin_php\admin_home.php bookstore\admin_php\admin_home.php 
bookStore\admin_php\admin_messages.php bookstore\admin_php\admin_messages.php 
bookStore\admin_php\admin_orders.php bookstore\admin_php\admin_orders.php
bookStore\admin_php\admin_products.php bookstore\admin_php\admin_products.php 
bookStore\admin_php\admin_users.php bookstore\admin_php\admin_users.php 
bookStore\customer_php\about.php bookstore\customer_php\about.php 
bookStore\customer_php\cart.php bookstore\customer_php\cart.php 
bookStore\customer_php\checkout.php bookstore\customer_php\checkout.php 
bookStore\customer_php\contact.php bookstore\customer_php\contact.php 
bookStore\customer_php\home.php bookstore\customer_php\home.php
bookStore\customer_php\orders.php bookstore\customer_php\orders.php 
bookStore\customer_php\search.php bookstore\customer_php\search.php 
bookStore\customer_php\shop.php bookstore\customer_php\shop.php 
bookStore\not_logged_in\about.php bookstore\not_logged_in\about.php
bookStore\not_logged_in\cart.php bookstore\not_logged_in\cart.php
bookStore\not_logged_in\contact.php bookstore\not_logged_in\contact.php
bookStore\not_logged_in\orders.php bookstore\not_logged_in\orders.php
bookStore\not_logged_in\search.php bookstore\not_logged_in\search.php
bookStore\not_logged_in\shop.php bookstore\not_logged_in\shop.php 
bookStore\error.html bookstore\error.html
bookStore\index.php bookstore\index.php
bookStore\login.php bookstore\login.php
bookStore\register.php bookstore\register.php